{
  "generatedAt": "2026-06-08T07:29:25.652Z",
  "cli": "hwlab-cli",
  "version": "0.2.0-client",
  "ok": true,
  "action": "case.run",
  "status": "completed",
  "caseId": "d601-f103-v2-arm2d-integration",
  "runId": "d601-f103-v2-arm2d-integration-20260608071933-a823dba5",
  "runDir": "/root/hwlab-v02/.state/hwlab-cli/caserun/d601-f103-v2-arm2d-integration-20260608071933-a823dba5",
  "compileOnly": true,
  "prepare": {
    "status": "prepared",
    "caseId": "d601-f103-v2-arm2d-integration",
    "runId": "d601-f103-v2-arm2d-integration-20260608071933-a823dba5",
    "specPath": "/root/hwlab-v02/.state/hwlab-cli/caserun/d601-f103-v2-arm2d-integration-20260608071933-a823dba5/.hwlab/hwpod-spec.yaml",
    "apiUrl": "http://74.48.78.17:19667",
    "subject": {
      "repoLocalPath": "F:\\Work\\HWLAB-CASE-F103",
      "commitId": "14a414da470013914b2a19229c36f2e9f8e2da4f",
      "worktreePath": "F:\\Work\\HWLAB-CASE-F103\\.worktree\\caserun-d601-f103-v2-arm2d-integration-20260608071933-a823dba5"
    }
  },
  "agent": {
    "stageStatus": "completed",
    "baseUrl": "http://74.48.78.17:19666",
    "projectId": "prj_hwpod_workbench",
    "providerProfile": "hy",
    "conversationId": "cnv_case_d601-f103-v2-arm2d-integration_d601-f103-v2-arm2d-integration-20260608071933-a823dba5",
    "sessionId": "ses_c7e66642-bdd6-4b06-9a85-99041d6ce2ef",
    "traceId": "trc_case_d601-f103-v2-arm2d-integration_a2844403df574ef9a5321dbbfe928b64",
    "promptPath": "/root/hwlab-v02/.state/hwlab-cli/caserun/d601-f103-v2-arm2d-integration-20260608071933-a823dba5/agent-prompt.md",
    "promptSha256": "cd80b774ebeaef1f63e9b631c0b0d623398cb1d0631b8ae91690ec9a923d5ba7",
    "polls": 163,
    "timedOut": false,
    "timeoutMs": 1200000,
    "pollIntervalMs": 1000,
    "lastHttpStatus": 200,
    "nextPollCommand": "hwlab-cli client agent result trc_case_d601-f103-v2-arm2d-integration_a2844403df574ef9a5321dbbfe928b64",
    "traceCommand": "hwlab-cli client agent trace trc_case_d601-f103-v2-arm2d-integration_a2844403df574ef9a5321dbbfe928b64 --render web",
    "inspectCommand": "hwlab-cli client agent inspect --trace-id trc_case_d601-f103-v2-arm2d-integration_a2844403df574ef9a5321dbbfe928b64",
    "sessionCommand": "hwlab-cli client agent session status ses_c7e66642-bdd6-4b06-9a85-99041d6ce2ef",
    "traceLookup": {
      "source": "hwlab-cli.client.agent",
      "strategy": "id_plus_existing_cli",
      "note": "CaseRun records trace/session identity and reuses existing HWLAB Web-equivalent agent CLI for trace/result/inspect; it does not implement a separate trace query path.",
      "baseUrl": "http://74.48.78.17:19666",
      "traceId": "trc_case_d601-f103-v2-arm2d-integration_a2844403df574ef9a5321dbbfe928b64",
      "sessionId": "ses_c7e66642-bdd6-4b06-9a85-99041d6ce2ef",
      "conversationId": "cnv_case_d601-f103-v2-arm2d-integration_d601-f103-v2-arm2d-integration-20260608071933-a823dba5",
      "commands": {
        "result": "hwlab-cli client agent result trc_case_d601-f103-v2-arm2d-integration_a2844403df574ef9a5321dbbfe928b64",
        "trace": "hwlab-cli client agent trace trc_case_d601-f103-v2-arm2d-integration_a2844403df574ef9a5321dbbfe928b64 --render web",
        "traceFull": "hwlab-cli client agent trace trc_case_d601-f103-v2-arm2d-integration_a2844403df574ef9a5321dbbfe928b64 --render web --full",
        "inspect": "hwlab-cli client agent inspect --trace-id trc_case_d601-f103-v2-arm2d-integration_a2844403df574ef9a5321dbbfe928b64",
        "sessionStatus": "hwlab-cli client agent session status ses_c7e66642-bdd6-4b06-9a85-99041d6ce2ef"
      }
    }
  },
  "agentTrace": {
    "traceId": "trc_case_d601-f103-v2-arm2d-integration_a2844403df574ef9a5321dbbfe928b64",
    "status": "completed",
    "httpStatus": 0,
    "source": "caserun-identity",
    "lookupOnly": true,
    "lookup": {
      "source": "hwlab-cli.client.agent",
      "strategy": "id_plus_existing_cli",
      "note": "CaseRun records trace/session identity and reuses existing HWLAB Web-equivalent agent CLI for trace/result/inspect; it does not implement a separate trace query path.",
      "baseUrl": "http://74.48.78.17:19666",
      "traceId": "trc_case_d601-f103-v2-arm2d-integration_a2844403df574ef9a5321dbbfe928b64",
      "sessionId": "ses_c7e66642-bdd6-4b06-9a85-99041d6ce2ef",
      "conversationId": "cnv_case_d601-f103-v2-arm2d-integration_d601-f103-v2-arm2d-integration-20260608071933-a823dba5",
      "commands": {
        "result": "hwlab-cli client agent result trc_case_d601-f103-v2-arm2d-integration_a2844403df574ef9a5321dbbfe928b64",
        "trace": "hwlab-cli client agent trace trc_case_d601-f103-v2-arm2d-integration_a2844403df574ef9a5321dbbfe928b64 --render web",
        "traceFull": "hwlab-cli client agent trace trc_case_d601-f103-v2-arm2d-integration_a2844403df574ef9a5321dbbfe928b64 --render web --full",
        "inspect": "hwlab-cli client agent inspect --trace-id trc_case_d601-f103-v2-arm2d-integration_a2844403df574ef9a5321dbbfe928b64",
        "sessionStatus": "hwlab-cli client agent session status ses_c7e66642-bdd6-4b06-9a85-99041d6ce2ef"
      }
    },
    "commandCount": 0,
    "hwpodCommandCount": 0,
    "hwpodBuildCommandCount": 0,
    "keilJobCandidates": [],
    "commands": []
  },
  "traceLookup": {
    "source": "hwlab-cli.client.agent",
    "strategy": "id_plus_existing_cli",
    "note": "CaseRun records trace/session identity and reuses existing HWLAB Web-equivalent agent CLI for trace/result/inspect; it does not implement a separate trace query path.",
    "baseUrl": "http://74.48.78.17:19666",
    "traceId": "trc_case_d601-f103-v2-arm2d-integration_a2844403df574ef9a5321dbbfe928b64",
    "sessionId": "ses_c7e66642-bdd6-4b06-9a85-99041d6ce2ef",
    "conversationId": "cnv_case_d601-f103-v2-arm2d-integration_d601-f103-v2-arm2d-integration-20260608071933-a823dba5",
    "commands": {
      "result": "hwlab-cli client agent result trc_case_d601-f103-v2-arm2d-integration_a2844403df574ef9a5321dbbfe928b64",
      "trace": "hwlab-cli client agent trace trc_case_d601-f103-v2-arm2d-integration_a2844403df574ef9a5321dbbfe928b64 --render web",
      "traceFull": "hwlab-cli client agent trace trc_case_d601-f103-v2-arm2d-integration_a2844403df574ef9a5321dbbfe928b64 --render web --full",
      "inspect": "hwlab-cli client agent inspect --trace-id trc_case_d601-f103-v2-arm2d-integration_a2844403df574ef9a5321dbbfe928b64",
      "sessionStatus": "hwlab-cli client agent session status ses_c7e66642-bdd6-4b06-9a85-99041d6ce2ef"
    }
  },
  "agentDiff": {
    "statusShort": "M projects/01_baseline/User/d601_arm2d_demo.c\n M projects/01_baseline/User/main.c",
    "diffStat": "projects/01_baseline/User/d601_arm2d_demo.c | 248 ++++++++++++++++++++++++++--\n projects/01_baseline/User/main.c            |   3 +\n 2 files changed, 233 insertions(+), 18 deletions(-)",
    "diffPatchPath": "/root/hwlab-v02/.state/hwlab-cli/caserun/d601-f103-v2-arm2d-integration-20260608071933-a823dba5/agent-diff.patch",
    "diffPatchSha256": "dd77ce77663def3291520d3088ed6eaf543b03843e411736ad8e885c57b4dc01",
    "sourceRootStatusShort": "M projects/01_baseline/Projects/MDK-ARM/atk_f103.uvprojx",
    "sourceRootBaseline": {
      "label": "before-prepare",
      "statusShort": "M projects/01_baseline/Projects/MDK-ARM/atk_f103.uvprojx",
      "diffStat": ".../01_baseline/Projects/MDK-ARM/atk_f103.uvprojx   | 21 ++++++++++++++-------\n 1 file changed, 14 insertions(+), 7 deletions(-)",
      "diffSha256": "a847e886c801a597d96f40017f41c70262b024d5b6208bcc7ae343824c3c8d99",
      "diffBytes": 2029,
      "commands": {
        "status": {
          "label": "source-root-status",
          "httpStatus": 200,
          "exitCode": 0,
          "stdoutBytes": 56,
          "stderr": ""
        },
        "diffStat": {
          "label": "source-root-diff-stat",
          "httpStatus": 200,
          "exitCode": 0,
          "stdoutBytes": 128,
          "stderr": "warning: in the working copy of 'projects/01_baseline/Projects/MDK-ARM/atk_f103.uvprojx', LF will be replaced by CRLF the next time Git touches it"
        },
        "diffPatch": {
          "label": "source-root-diff-patch",
          "httpStatus": 200,
          "exitCode": 0,
          "stdoutBytes": 2029,
          "stderr": "warning: in the working copy of 'projects/01_baseline/Projects/MDK-ARM/atk_f103.uvprojx', LF will be replaced by CRLF the next time Git touches it"
        }
      }
    },
    "sourceRootAfterPrepare": {
      "label": "after-prepare",
      "statusShort": "M projects/01_baseline/Projects/MDK-ARM/atk_f103.uvprojx",
      "diffStat": ".../01_baseline/Projects/MDK-ARM/atk_f103.uvprojx   | 21 ++++++++++++++-------\n 1 file changed, 14 insertions(+), 7 deletions(-)",
      "diffSha256": "a847e886c801a597d96f40017f41c70262b024d5b6208bcc7ae343824c3c8d99",
      "diffBytes": 2029,
      "commands": {
        "status": {
          "label": "source-root-status",
          "httpStatus": 200,
          "exitCode": 0,
          "stdoutBytes": 56,
          "stderr": ""
        },
        "diffStat": {
          "label": "source-root-diff-stat",
          "httpStatus": 200,
          "exitCode": 0,
          "stdoutBytes": 128,
          "stderr": "warning: in the working copy of 'projects/01_baseline/Projects/MDK-ARM/atk_f103.uvprojx', LF will be replaced by CRLF the next time Git touches it"
        },
        "diffPatch": {
          "label": "source-root-diff-patch",
          "httpStatus": 200,
          "exitCode": 0,
          "stdoutBytes": 2029,
          "stderr": "warning: in the working copy of 'projects/01_baseline/Projects/MDK-ARM/atk_f103.uvprojx', LF will be replaced by CRLF the next time Git touches it"
        }
      }
    },
    "sourceRootAfterAgent": {
      "label": "after-agent",
      "statusShort": "M projects/01_baseline/Projects/MDK-ARM/atk_f103.uvprojx",
      "diffStat": ".../01_baseline/Projects/MDK-ARM/atk_f103.uvprojx   | 21 ++++++++++++++-------\n 1 file changed, 14 insertions(+), 7 deletions(-)",
      "diffSha256": "a847e886c801a597d96f40017f41c70262b024d5b6208bcc7ae343824c3c8d99",
      "diffBytes": 2029,
      "commands": {
        "status": {
          "label": "source-root-status",
          "httpStatus": 200,
          "exitCode": 0,
          "stdoutBytes": 56,
          "stderr": ""
        },
        "diffStat": {
          "label": "source-root-diff-stat",
          "httpStatus": 200,
          "exitCode": 0,
          "stdoutBytes": 128,
          "stderr": "warning: in the working copy of 'projects/01_baseline/Projects/MDK-ARM/atk_f103.uvprojx', LF will be replaced by CRLF the next time Git touches it"
        },
        "diffPatch": {
          "label": "source-root-diff-patch",
          "httpStatus": 200,
          "exitCode": 0,
          "stdoutBytes": 2029,
          "stderr": "warning: in the working copy of 'projects/01_baseline/Projects/MDK-ARM/atk_f103.uvprojx', LF will be replaced by CRLF the next time Git touches it"
        }
      }
    },
    "sourceRootChangedAfterPrepare": false,
    "sourceRootChangedAfterAgent": false,
    "requests": [
      {
        "label": "status",
        "httpStatus": 200,
        "exitCode": 0,
        "stdoutBytes": 81,
        "stderr": ""
      },
      {
        "label": "diff-stat",
        "httpStatus": 200,
        "exitCode": 0,
        "stdoutBytes": 184,
        "stderr": "warning: in the working copy of 'projects/01_baseline/User/d601_arm2d_demo.c', LF will be replaced by CRLF the next time Git touches it"
      },
      {
        "label": "diff-patch",
        "httpStatus": 200,
        "exitCode": 0,
        "stdoutBytes": 10056,
        "stderr": "warning: in the working copy of 'projects/01_baseline/User/d601_arm2d_demo.c', LF will be replaced by CRLF the next time Git touches it"
      },
      {
        "label": "source-root-baseline",
        "statusShort": "M projects/01_baseline/Projects/MDK-ARM/atk_f103.uvprojx",
        "diffSha256": "a847e886c801a597d96f40017f41c70262b024d5b6208bcc7ae343824c3c8d99"
      },
      {
        "label": "source-root-after-prepare",
        "statusShort": "M projects/01_baseline/Projects/MDK-ARM/atk_f103.uvprojx",
        "diffSha256": "a847e886c801a597d96f40017f41c70262b024d5b6208bcc7ae343824c3c8d99"
      },
      {
        "label": "source-root-after-agent",
        "statusShort": "M projects/01_baseline/Projects/MDK-ARM/atk_f103.uvprojx",
        "diffSha256": "a847e886c801a597d96f40017f41c70262b024d5b6208bcc7ae343824c3c8d99"
      }
    ]
  },
  "build": {
    "status": "recorded",
    "autoEvaluation": false,
    "traceLookup": {
      "source": "hwlab-cli.client.agent",
      "strategy": "id_plus_existing_cli",
      "note": "CaseRun records trace/session identity and reuses existing HWLAB Web-equivalent agent CLI for trace/result/inspect; it does not implement a separate trace query path.",
      "baseUrl": "http://74.48.78.17:19666",
      "traceId": "trc_case_d601-f103-v2-arm2d-integration_a2844403df574ef9a5321dbbfe928b64",
      "sessionId": "ses_c7e66642-bdd6-4b06-9a85-99041d6ce2ef",
      "conversationId": "cnv_case_d601-f103-v2-arm2d-integration_d601-f103-v2-arm2d-integration-20260608071933-a823dba5",
      "commands": {
        "result": "hwlab-cli client agent result trc_case_d601-f103-v2-arm2d-integration_a2844403df574ef9a5321dbbfe928b64",
        "trace": "hwlab-cli client agent trace trc_case_d601-f103-v2-arm2d-integration_a2844403df574ef9a5321dbbfe928b64 --render web",
        "traceFull": "hwlab-cli client agent trace trc_case_d601-f103-v2-arm2d-integration_a2844403df574ef9a5321dbbfe928b64 --render web --full",
        "inspect": "hwlab-cli client agent inspect --trace-id trc_case_d601-f103-v2-arm2d-integration_a2844403df574ef9a5321dbbfe928b64",
        "sessionStatus": "hwlab-cli client agent session status ses_c7e66642-bdd6-4b06-9a85-99041d6ce2ef"
      }
    },
    "agentTraceCommandCount": 0,
    "agentTraceHwpodCommandCount": 0,
    "agentStage": {
      "source": "agent-trace-commands",
      "autoEvaluation": false,
      "commands": [],
      "kinds": []
    },
    "hwpodExitCode": 0,
    "hwpodSource": "case-run-runner-post-agent-compile-check",
    "jobId": "20260608_152837_982edb8f",
    "keilStatus": "completed",
    "artifacts": [
      "F:\\Work\\HWLAB-CASE-F103\\.worktree\\caserun-d601-f103-v2-arm2d-integration-20260608071933-a823dba5\\projects\\01_baseline\\Output\\atk_f103.hex",
      "F:\\Work\\HWLAB-CASE-F103\\.worktree\\caserun-d601-f103-v2-arm2d-integration-20260608071933-a823dba5\\projects\\01_baseline\\Output\\atk_f103.axf"
    ]
  },
  "collect": {
    "caseRepo": "/root/hwlab-case-registry",
    "caseRepoRunDir": "/root/hwlab-case-registry/runs/d601-f103-v2-arm2d-integration/d601-f103-v2-arm2d-integration-20260608071933-a823dba5",
    "caseRepoFiles": [
      "runs/d601-f103-v2-arm2d-integration/d601-f103-v2-arm2d-integration-20260608071933-a823dba5/evidence.json",
      "runs/d601-f103-v2-arm2d-integration/d601-f103-v2-arm2d-integration-20260608071933-a823dba5/summary.md",
      "runs/d601-f103-v2-arm2d-integration/d601-f103-v2-arm2d-integration-20260608071933-a823dba5/aggregate.md",
      "runs/d601-f103-v2-arm2d-integration/d601-f103-v2-arm2d-integration-20260608071933-a823dba5/agent-messages.json",
      "runs/d601-f103-v2-arm2d-integration/d601-f103-v2-arm2d-integration-20260608071933-a823dba5/agent-trace.md",
      "runs/d601-f103-v2-arm2d-integration/d601-f103-v2-arm2d-integration-20260608071933-a823dba5/agent-transcript.md",
      "runs/d601-f103-v2-arm2d-integration/d601-f103-v2-arm2d-integration-20260608071933-a823dba5/final-response.md",
      "runs/d601-f103-v2-arm2d-integration/d601-f103-v2-arm2d-integration-20260608071933-a823dba5/run.json",
      "runs/d601-f103-v2-arm2d-integration/d601-f103-v2-arm2d-integration-20260608071933-a823dba5/result.json",
      "runs/d601-f103-v2-arm2d-integration/d601-f103-v2-arm2d-integration-20260608071933-a823dba5/agent-trace.json",
      "runs/d601-f103-v2-arm2d-integration/d601-f103-v2-arm2d-integration-20260608071933-a823dba5/agent-prompt.md",
      "runs/d601-f103-v2-arm2d-integration/d601-f103-v2-arm2d-integration-20260608071933-a823dba5/agent-diff.patch",
      "runs/d601-f103-v2-arm2d-integration/d601-f103-v2-arm2d-integration-20260608071933-a823dba5/.hwlab/hwpod-spec.yaml",
      "runs/d601-f103-v2-arm2d-integration/d601-f103-v2-arm2d-integration-20260608071933-a823dba5/worker.stdout.log",
      "runs/d601-f103-v2-arm2d-integration/d601-f103-v2-arm2d-integration-20260608071933-a823dba5/worker.stderr.log",
      "runs/d601-f103-v2-arm2d-integration/d601-f103-v2-arm2d-integration-20260608071933-a823dba5/artifact-manifest.json"
    ],
    "artifactManifestPath": "/root/hwlab-case-registry/runs/d601-f103-v2-arm2d-integration/d601-f103-v2-arm2d-integration-20260608071933-a823dba5/artifact-manifest.json",
    "artifactCount": 16,
    "skippedFiles": [],
    "registrySync": {
      "status": "pushed",
      "path": "runs/d601-f103-v2-arm2d-integration/d601-f103-v2-arm2d-integration-20260608071933-a823dba5",
      "paths": [
        "runs/d601-f103-v2-arm2d-integration/d601-f103-v2-arm2d-integration-20260608071933-a823dba5"
      ],
      "commitMessage": "data: archive caserun d601-f103-v2-arm2d-integration-20260608071933-a823dba5",
      "commitSha": "7ffdffb",
      "commitStdout": "[main 7ffdffb] data: archive caserun d601-f103-v2-arm2d-integration-20260608071933-a823dba5\n 10 files changed, 4422 insertions(+), 118 deletions(-)\n",
      "pushStderr": "To github.com:pikasTech/hwlab-case-registry.git\n   b0e3229..7ffdffb  HEAD -> main\n"
    },
    "trace": {
      "traceId": "trc_case_d601-f103-v2-arm2d-integration_a2844403df574ef9a5321dbbfe928b64",
      "sessionId": "ses_c7e66642-bdd6-4b06-9a85-99041d6ce2ef",
      "conversationId": "cnv_case_d601-f103-v2-arm2d-integration_d601-f103-v2-arm2d-integration-20260608071933-a823dba5",
      "providerProfile": "hy",
      "projectId": "prj_hwpod_workbench",
      "source": "hwlab-cli.client.agent.trace",
      "lookup": {
        "source": "hwlab-cli.client.agent",
        "strategy": "id_plus_existing_cli",
        "note": "CaseRun records trace/session identity and reuses existing HWLAB Web-equivalent agent CLI for trace/result/inspect; it does not implement a separate trace query path.",
        "baseUrl": "http://74.48.78.17:19666",
        "traceId": "trc_case_d601-f103-v2-arm2d-integration_a2844403df574ef9a5321dbbfe928b64",
        "sessionId": "ses_c7e66642-bdd6-4b06-9a85-99041d6ce2ef",
        "conversationId": "cnv_case_d601-f103-v2-arm2d-integration_d601-f103-v2-arm2d-integration-20260608071933-a823dba5",
        "commands": {
          "result": "hwlab-cli client agent result trc_case_d601-f103-v2-arm2d-integration_a2844403df574ef9a5321dbbfe928b64",
          "trace": "hwlab-cli client agent trace trc_case_d601-f103-v2-arm2d-integration_a2844403df574ef9a5321dbbfe928b64 --render web",
          "traceFull": "hwlab-cli client agent trace trc_case_d601-f103-v2-arm2d-integration_a2844403df574ef9a5321dbbfe928b64 --render web --full",
          "inspect": "hwlab-cli client agent inspect --trace-id trc_case_d601-f103-v2-arm2d-integration_a2844403df574ef9a5321dbbfe928b64",
          "sessionStatus": "hwlab-cli client agent session status ses_c7e66642-bdd6-4b06-9a85-99041d6ce2ef"
        }
      },
      "status": "completed",
      "terminalStatus": "completed",
      "commandCount": 35,
      "hwpodCommandCount": 0,
      "hwpodBuildCommandCount": 0
    },
    "traceLookup": {
      "source": "hwlab-cli.client.agent",
      "strategy": "id_plus_existing_cli",
      "note": "CaseRun records trace/session identity and reuses existing HWLAB Web-equivalent agent CLI for trace/result/inspect; it does not implement a separate trace query path.",
      "baseUrl": "http://74.48.78.17:19666",
      "traceId": "trc_case_d601-f103-v2-arm2d-integration_a2844403df574ef9a5321dbbfe928b64",
      "sessionId": "ses_c7e66642-bdd6-4b06-9a85-99041d6ce2ef",
      "conversationId": "cnv_case_d601-f103-v2-arm2d-integration_d601-f103-v2-arm2d-integration-20260608071933-a823dba5",
      "commands": {
        "result": "hwlab-cli client agent result trc_case_d601-f103-v2-arm2d-integration_a2844403df574ef9a5321dbbfe928b64",
        "trace": "hwlab-cli client agent trace trc_case_d601-f103-v2-arm2d-integration_a2844403df574ef9a5321dbbfe928b64 --render web",
        "traceFull": "hwlab-cli client agent trace trc_case_d601-f103-v2-arm2d-integration_a2844403df574ef9a5321dbbfe928b64 --render web --full",
        "inspect": "hwlab-cli client agent inspect --trace-id trc_case_d601-f103-v2-arm2d-integration_a2844403df574ef9a5321dbbfe928b64",
        "sessionStatus": "hwlab-cli client agent session status ses_c7e66642-bdd6-4b06-9a85-99041d6ce2ef"
      }
    },
    "aggregate": {
      "path": "aggregate.md",
      "bytes": 36709,
      "sha256": "e71a2206685f632ec34b51f836b03382916993d719ae190a493c711d17bf415a",
      "primaryEntry": true,
      "aggregationOnly": true,
      "autoEvaluation": false
    },
    "agentStage": {
      "source": "agent-trace-commands",
      "autoEvaluation": false,
      "commands": [],
      "kinds": []
    },
    "status": "recorded",
    "autoEvaluation": false
  },
  "aggregate": {
    "path": "aggregate.md",
    "bytes": 36709,
    "sha256": "e71a2206685f632ec34b51f836b03382916993d719ae190a493c711d17bf415a",
    "primaryEntry": true,
    "aggregationOnly": true,
    "autoEvaluation": false
  },
  "evidence": {
    "contractVersion": "hwpod-case-run-evidence-v1",
    "caseId": "d601-f103-v2-arm2d-integration",
    "runId": "d601-f103-v2-arm2d-integration-20260608071933-a823dba5",
    "compileOnly": true,
    "autoEvaluation": false,
    "status": "recorded",
    "observedAt": "2026-06-08T07:28:43.644Z",
    "apiUrl": "http://74.48.78.17:19667",
    "subject": {
      "repoLocalPath": "F:\\Work\\HWLAB-CASE-F103",
      "commitId": "14a414da470013914b2a19229c36f2e9f8e2da4f",
      "subdir": "projects/01_baseline",
      "worktreePath": "F:\\Work\\HWLAB-CASE-F103\\.worktree\\caserun-d601-f103-v2-arm2d-integration-20260608071933-a823dba5",
      "workspacePath": "F:\\Work\\HWLAB-CASE-F103\\.worktree\\caserun-d601-f103-v2-arm2d-integration-20260608071933-a823dba5",
      "setup": {
        "httpStatus": 200,
        "planId": "case_subject_d64597ac-ff85-4713-b8c4-839536a16197",
        "nodeId": "node-d601-f103-v2",
        "exitCode": 0,
        "stdout": "HEAD is now at 14a414d feat: add arm2d-skill to subject repo for case 04 agent reference\n14a414da470013914b2a19229c36f2e9f8e2da4f\ncaseRunKeilSidecars {\"copied\":1,\"copiedFiles\":[{\"ext\":\".uvoptx\",\"source\":\"projects\\\\01_baseline\\\\Projects\\\\MDK-ARM\\\\atk_f103.uvoptx\",\"destination\":\".worktree\\\\caserun-d601-f103-v2-arm2d-integration-20260608071933-a823dba5\\\\projects\\\\01_baseline\\\\Projects\\\\MDK-ARM\\\\atk_f103.uvoptx\"}],\"missing\":[\"projects\\\\01_baseline\\\\Projects\\\\MDK-ARM\\\\atk_f103.uvopt\"],\"sourceBase\":\"projects\\\\01_baseline\\\\Projects\\\\MDK-ARM\\\\atk_f103\",\"destinationBase\":\".worktree\\\\caserun-d601-f103-v2-arm2d-integration-20260608071933-a823dba5\\\\projects\\\\01_baseline\\\\Projects\\\\MDK-ARM\\\\atk_f103\"}",
        "stderr": "Preparing worktree (detached HEAD 14a414d)",
        "keilSidecars": {
          "copied": 1,
          "copiedFiles": [
            {
              "ext": ".uvoptx",
              "source": "projects\\01_baseline\\Projects\\MDK-ARM\\atk_f103.uvoptx",
              "destination": ".worktree\\caserun-d601-f103-v2-arm2d-integration-20260608071933-a823dba5\\projects\\01_baseline\\Projects\\MDK-ARM\\atk_f103.uvoptx"
            }
          ],
          "missing": [
            "projects\\01_baseline\\Projects\\MDK-ARM\\atk_f103.uvopt"
          ],
          "sourceBase": "projects\\01_baseline\\Projects\\MDK-ARM\\atk_f103",
          "destinationBase": ".worktree\\caserun-d601-f103-v2-arm2d-integration-20260608071933-a823dba5\\projects\\01_baseline\\Projects\\MDK-ARM\\atk_f103",
          "line": "caseRunKeilSidecars {\"copied\":1,\"copiedFiles\":[{\"ext\":\".uvoptx\",\"source\":\"projects\\\\01_baseline\\\\Projects\\\\MDK-ARM\\\\atk_f103.uvoptx\",\"destination\":\".worktree\\\\caserun-d601-f103-v2-arm2d-integration-20260608071933-a823dba5\\\\projects\\\\01_baseline\\\\Projects\\\\MDK-ARM\\\\atk_f103.uvoptx\"}],\"missing\":[\"projects\\\\01_baseline\\\\Projects\\\\MDK-ARM\\\\atk_f103.uvopt\"],\"sourceBase\":\"projects\\\\01_baseline\\\\Projects\\\\MDK-ARM\\\\atk_f103\",\"destinationBase\":\".worktree\\\\caserun-d601-f103-v2-arm2d-integration-20260608071933-a823dba5\\\\projects\\\\01_baseline\\\\Projects\\\\MDK-ARM\\\\atk_f103\"}"
        }
      },
      "sourceRootBaseline": {
        "label": "before-prepare",
        "statusShort": "M projects/01_baseline/Projects/MDK-ARM/atk_f103.uvprojx",
        "diffStat": ".../01_baseline/Projects/MDK-ARM/atk_f103.uvprojx   | 21 ++++++++++++++-------\n 1 file changed, 14 insertions(+), 7 deletions(-)",
        "diffSha256": "a847e886c801a597d96f40017f41c70262b024d5b6208bcc7ae343824c3c8d99",
        "diffBytes": 2029,
        "commands": {
          "status": {
            "label": "source-root-status",
            "httpStatus": 200,
            "exitCode": 0,
            "stdoutBytes": 56,
            "stderr": ""
          },
          "diffStat": {
            "label": "source-root-diff-stat",
            "httpStatus": 200,
            "exitCode": 0,
            "stdoutBytes": 128,
            "stderr": "warning: in the working copy of 'projects/01_baseline/Projects/MDK-ARM/atk_f103.uvprojx', LF will be replaced by CRLF the next time Git touches it"
          },
          "diffPatch": {
            "label": "source-root-diff-patch",
            "httpStatus": 200,
            "exitCode": 0,
            "stdoutBytes": 2029,
            "stderr": "warning: in the working copy of 'projects/01_baseline/Projects/MDK-ARM/atk_f103.uvprojx', LF will be replaced by CRLF the next time Git touches it"
          }
        }
      },
      "sourceRootAfterPrepare": {
        "label": "after-prepare",
        "statusShort": "M projects/01_baseline/Projects/MDK-ARM/atk_f103.uvprojx",
        "diffStat": ".../01_baseline/Projects/MDK-ARM/atk_f103.uvprojx   | 21 ++++++++++++++-------\n 1 file changed, 14 insertions(+), 7 deletions(-)",
        "diffSha256": "a847e886c801a597d96f40017f41c70262b024d5b6208bcc7ae343824c3c8d99",
        "diffBytes": 2029,
        "commands": {
          "status": {
            "label": "source-root-status",
            "httpStatus": 200,
            "exitCode": 0,
            "stdoutBytes": 56,
            "stderr": ""
          },
          "diffStat": {
            "label": "source-root-diff-stat",
            "httpStatus": 200,
            "exitCode": 0,
            "stdoutBytes": 128,
            "stderr": "warning: in the working copy of 'projects/01_baseline/Projects/MDK-ARM/atk_f103.uvprojx', LF will be replaced by CRLF the next time Git touches it"
          },
          "diffPatch": {
            "label": "source-root-diff-patch",
            "httpStatus": 200,
            "exitCode": 0,
            "stdoutBytes": 2029,
            "stderr": "warning: in the working copy of 'projects/01_baseline/Projects/MDK-ARM/atk_f103.uvprojx', LF will be replaced by CRLF the next time Git touches it"
          }
        }
      }
    },
    "agentTask": {
      "workspace": "subjectWorktree",
      "providerProfile": "dsflash-go",
      "projectId": "prj_hwpod_workbench",
      "timeoutMs": 600000,
      "promptSha256": "83d14d77afca9817d542f5c7c84cbfce3aa1a8593924780234caa504a6b524a6",
      "constraints": [
        "可以修改 projects/01_baseline/User/main.c 和 projects/01_baseline/User/d601_arm2d_demo.c",
        "main.c 只加3行：include + show() + task()",
        "d601_arm2d_demo.c 需要重新实现函数体，不能只恢复原来的代码",
        "必须通过 HWPOD workspace/node 链路修改，并在每个 hwpod/hwpod-ctl 命令中使用 CaseRun 提供的 hwpodWorkspaceArgs",
        "不要创建、复制或修补 runner-local .hwlab/hwpod-spec.yaml",
        "只做 compile-only build check",
        "ARM-2D 库已在 Middlewares/Arm-2D/，d601_lcd 已实现"
      ]
    },
    "agent": {
      "stageStatus": "completed",
      "baseUrl": "http://74.48.78.17:19666",
      "projectId": "prj_hwpod_workbench",
      "providerProfile": "hy",
      "conversationId": "cnv_case_d601-f103-v2-arm2d-integration_d601-f103-v2-arm2d-integration-20260608071933-a823dba5",
      "sessionId": "ses_c7e66642-bdd6-4b06-9a85-99041d6ce2ef",
      "traceId": "trc_case_d601-f103-v2-arm2d-integration_a2844403df574ef9a5321dbbfe928b64",
      "promptPath": "/root/hwlab-v02/.state/hwlab-cli/caserun/d601-f103-v2-arm2d-integration-20260608071933-a823dba5/agent-prompt.md",
      "promptSha256": "cd80b774ebeaef1f63e9b631c0b0d623398cb1d0631b8ae91690ec9a923d5ba7",
      "polls": 163,
      "timedOut": false,
      "timeoutMs": 1200000,
      "pollIntervalMs": 1000,
      "lastHttpStatus": 200,
      "nextPollCommand": "hwlab-cli client agent result trc_case_d601-f103-v2-arm2d-integration_a2844403df574ef9a5321dbbfe928b64",
      "traceCommand": "hwlab-cli client agent trace trc_case_d601-f103-v2-arm2d-integration_a2844403df574ef9a5321dbbfe928b64 --render web",
      "inspectCommand": "hwlab-cli client agent inspect --trace-id trc_case_d601-f103-v2-arm2d-integration_a2844403df574ef9a5321dbbfe928b64",
      "sessionCommand": "hwlab-cli client agent session status ses_c7e66642-bdd6-4b06-9a85-99041d6ce2ef",
      "traceLookup": {
        "source": "hwlab-cli.client.agent",
        "strategy": "id_plus_existing_cli",
        "note": "CaseRun records trace/session identity and reuses existing HWLAB Web-equivalent agent CLI for trace/result/inspect; it does not implement a separate trace query path.",
        "baseUrl": "http://74.48.78.17:19666",
        "traceId": "trc_case_d601-f103-v2-arm2d-integration_a2844403df574ef9a5321dbbfe928b64",
        "sessionId": "ses_c7e66642-bdd6-4b06-9a85-99041d6ce2ef",
        "conversationId": "cnv_case_d601-f103-v2-arm2d-integration_d601-f103-v2-arm2d-integration-20260608071933-a823dba5",
        "commands": {
          "result": "hwlab-cli client agent result trc_case_d601-f103-v2-arm2d-integration_a2844403df574ef9a5321dbbfe928b64",
          "trace": "hwlab-cli client agent trace trc_case_d601-f103-v2-arm2d-integration_a2844403df574ef9a5321dbbfe928b64 --render web",
          "traceFull": "hwlab-cli client agent trace trc_case_d601-f103-v2-arm2d-integration_a2844403df574ef9a5321dbbfe928b64 --render web --full",
          "inspect": "hwlab-cli client agent inspect --trace-id trc_case_d601-f103-v2-arm2d-integration_a2844403df574ef9a5321dbbfe928b64",
          "sessionStatus": "hwlab-cli client agent session status ses_c7e66642-bdd6-4b06-9a85-99041d6ce2ef"
        }
      }
    },
    "traceLookup": {
      "source": "hwlab-cli.client.agent",
      "strategy": "id_plus_existing_cli",
      "note": "CaseRun records trace/session identity and reuses existing HWLAB Web-equivalent agent CLI for trace/result/inspect; it does not implement a separate trace query path.",
      "baseUrl": "http://74.48.78.17:19666",
      "traceId": "trc_case_d601-f103-v2-arm2d-integration_a2844403df574ef9a5321dbbfe928b64",
      "sessionId": "ses_c7e66642-bdd6-4b06-9a85-99041d6ce2ef",
      "conversationId": "cnv_case_d601-f103-v2-arm2d-integration_d601-f103-v2-arm2d-integration-20260608071933-a823dba5",
      "commands": {
        "result": "hwlab-cli client agent result trc_case_d601-f103-v2-arm2d-integration_a2844403df574ef9a5321dbbfe928b64",
        "trace": "hwlab-cli client agent trace trc_case_d601-f103-v2-arm2d-integration_a2844403df574ef9a5321dbbfe928b64 --render web",
        "traceFull": "hwlab-cli client agent trace trc_case_d601-f103-v2-arm2d-integration_a2844403df574ef9a5321dbbfe928b64 --render web --full",
        "inspect": "hwlab-cli client agent inspect --trace-id trc_case_d601-f103-v2-arm2d-integration_a2844403df574ef9a5321dbbfe928b64",
        "sessionStatus": "hwlab-cli client agent session status ses_c7e66642-bdd6-4b06-9a85-99041d6ce2ef"
      }
    },
    "agentTrace": {
      "traceId": "trc_case_d601-f103-v2-arm2d-integration_a2844403df574ef9a5321dbbfe928b64",
      "status": "completed",
      "httpStatus": 0,
      "source": "caserun-identity",
      "lookupOnly": true,
      "lookup": {
        "source": "hwlab-cli.client.agent",
        "strategy": "id_plus_existing_cli",
        "note": "CaseRun records trace/session identity and reuses existing HWLAB Web-equivalent agent CLI for trace/result/inspect; it does not implement a separate trace query path.",
        "baseUrl": "http://74.48.78.17:19666",
        "traceId": "trc_case_d601-f103-v2-arm2d-integration_a2844403df574ef9a5321dbbfe928b64",
        "sessionId": "ses_c7e66642-bdd6-4b06-9a85-99041d6ce2ef",
        "conversationId": "cnv_case_d601-f103-v2-arm2d-integration_d601-f103-v2-arm2d-integration-20260608071933-a823dba5",
        "commands": {
          "result": "hwlab-cli client agent result trc_case_d601-f103-v2-arm2d-integration_a2844403df574ef9a5321dbbfe928b64",
          "trace": "hwlab-cli client agent trace trc_case_d601-f103-v2-arm2d-integration_a2844403df574ef9a5321dbbfe928b64 --render web",
          "traceFull": "hwlab-cli client agent trace trc_case_d601-f103-v2-arm2d-integration_a2844403df574ef9a5321dbbfe928b64 --render web --full",
          "inspect": "hwlab-cli client agent inspect --trace-id trc_case_d601-f103-v2-arm2d-integration_a2844403df574ef9a5321dbbfe928b64",
          "sessionStatus": "hwlab-cli client agent session status ses_c7e66642-bdd6-4b06-9a85-99041d6ce2ef"
        }
      },
      "commandCount": 0,
      "hwpodCommandCount": 0,
      "hwpodBuildCommandCount": 0,
      "keilJobCandidates": [],
      "commands": []
    },
    "agentDiff": {
      "statusShort": "M projects/01_baseline/User/d601_arm2d_demo.c\n M projects/01_baseline/User/main.c",
      "diffStat": "projects/01_baseline/User/d601_arm2d_demo.c | 248 ++++++++++++++++++++++++++--\n projects/01_baseline/User/main.c            |   3 +\n 2 files changed, 233 insertions(+), 18 deletions(-)",
      "diffPatchPath": "/root/hwlab-v02/.state/hwlab-cli/caserun/d601-f103-v2-arm2d-integration-20260608071933-a823dba5/agent-diff.patch",
      "diffPatchSha256": "dd77ce77663def3291520d3088ed6eaf543b03843e411736ad8e885c57b4dc01",
      "sourceRootStatusShort": "M projects/01_baseline/Projects/MDK-ARM/atk_f103.uvprojx",
      "sourceRootBaseline": {
        "label": "before-prepare",
        "statusShort": "M projects/01_baseline/Projects/MDK-ARM/atk_f103.uvprojx",
        "diffStat": ".../01_baseline/Projects/MDK-ARM/atk_f103.uvprojx   | 21 ++++++++++++++-------\n 1 file changed, 14 insertions(+), 7 deletions(-)",
        "diffSha256": "a847e886c801a597d96f40017f41c70262b024d5b6208bcc7ae343824c3c8d99",
        "diffBytes": 2029,
        "commands": {
          "status": {
            "label": "source-root-status",
            "httpStatus": 200,
            "exitCode": 0,
            "stdoutBytes": 56,
            "stderr": ""
          },
          "diffStat": {
            "label": "source-root-diff-stat",
            "httpStatus": 200,
            "exitCode": 0,
            "stdoutBytes": 128,
            "stderr": "warning: in the working copy of 'projects/01_baseline/Projects/MDK-ARM/atk_f103.uvprojx', LF will be replaced by CRLF the next time Git touches it"
          },
          "diffPatch": {
            "label": "source-root-diff-patch",
            "httpStatus": 200,
            "exitCode": 0,
            "stdoutBytes": 2029,
            "stderr": "warning: in the working copy of 'projects/01_baseline/Projects/MDK-ARM/atk_f103.uvprojx', LF will be replaced by CRLF the next time Git touches it"
          }
        }
      },
      "sourceRootAfterPrepare": {
        "label": "after-prepare",
        "statusShort": "M projects/01_baseline/Projects/MDK-ARM/atk_f103.uvprojx",
        "diffStat": ".../01_baseline/Projects/MDK-ARM/atk_f103.uvprojx   | 21 ++++++++++++++-------\n 1 file changed, 14 insertions(+), 7 deletions(-)",
        "diffSha256": "a847e886c801a597d96f40017f41c70262b024d5b6208bcc7ae343824c3c8d99",
        "diffBytes": 2029,
        "commands": {
          "status": {
            "label": "source-root-status",
            "httpStatus": 200,
            "exitCode": 0,
            "stdoutBytes": 56,
            "stderr": ""
          },
          "diffStat": {
            "label": "source-root-diff-stat",
            "httpStatus": 200,
            "exitCode": 0,
            "stdoutBytes": 128,
            "stderr": "warning: in the working copy of 'projects/01_baseline/Projects/MDK-ARM/atk_f103.uvprojx', LF will be replaced by CRLF the next time Git touches it"
          },
          "diffPatch": {
            "label": "source-root-diff-patch",
            "httpStatus": 200,
            "exitCode": 0,
            "stdoutBytes": 2029,
            "stderr": "warning: in the working copy of 'projects/01_baseline/Projects/MDK-ARM/atk_f103.uvprojx', LF will be replaced by CRLF the next time Git touches it"
          }
        }
      },
      "sourceRootAfterAgent": {
        "label": "after-agent",
        "statusShort": "M projects/01_baseline/Projects/MDK-ARM/atk_f103.uvprojx",
        "diffStat": ".../01_baseline/Projects/MDK-ARM/atk_f103.uvprojx   | 21 ++++++++++++++-------\n 1 file changed, 14 insertions(+), 7 deletions(-)",
        "diffSha256": "a847e886c801a597d96f40017f41c70262b024d5b6208bcc7ae343824c3c8d99",
        "diffBytes": 2029,
        "commands": {
          "status": {
            "label": "source-root-status",
            "httpStatus": 200,
            "exitCode": 0,
            "stdoutBytes": 56,
            "stderr": ""
          },
          "diffStat": {
            "label": "source-root-diff-stat",
            "httpStatus": 200,
            "exitCode": 0,
            "stdoutBytes": 128,
            "stderr": "warning: in the working copy of 'projects/01_baseline/Projects/MDK-ARM/atk_f103.uvprojx', LF will be replaced by CRLF the next time Git touches it"
          },
          "diffPatch": {
            "label": "source-root-diff-patch",
            "httpStatus": 200,
            "exitCode": 0,
            "stdoutBytes": 2029,
            "stderr": "warning: in the working copy of 'projects/01_baseline/Projects/MDK-ARM/atk_f103.uvprojx', LF will be replaced by CRLF the next time Git touches it"
          }
        }
      },
      "sourceRootChangedAfterPrepare": false,
      "sourceRootChangedAfterAgent": false,
      "requests": [
        {
          "label": "status",
          "httpStatus": 200,
          "exitCode": 0,
          "stdoutBytes": 81,
          "stderr": ""
        },
        {
          "label": "diff-stat",
          "httpStatus": 200,
          "exitCode": 0,
          "stdoutBytes": 184,
          "stderr": "warning: in the working copy of 'projects/01_baseline/User/d601_arm2d_demo.c', LF will be replaced by CRLF the next time Git touches it"
        },
        {
          "label": "diff-patch",
          "httpStatus": 200,
          "exitCode": 0,
          "stdoutBytes": 10056,
          "stderr": "warning: in the working copy of 'projects/01_baseline/User/d601_arm2d_demo.c', LF will be replaced by CRLF the next time Git touches it"
        },
        {
          "label": "source-root-baseline",
          "statusShort": "M projects/01_baseline/Projects/MDK-ARM/atk_f103.uvprojx",
          "diffSha256": "a847e886c801a597d96f40017f41c70262b024d5b6208bcc7ae343824c3c8d99"
        },
        {
          "label": "source-root-after-prepare",
          "statusShort": "M projects/01_baseline/Projects/MDK-ARM/atk_f103.uvprojx",
          "diffSha256": "a847e886c801a597d96f40017f41c70262b024d5b6208bcc7ae343824c3c8d99"
        },
        {
          "label": "source-root-after-agent",
          "statusShort": "M projects/01_baseline/Projects/MDK-ARM/atk_f103.uvprojx",
          "diffSha256": "a847e886c801a597d96f40017f41c70262b024d5b6208bcc7ae343824c3c8d99"
        }
      ]
    },
    "hwpod": {
      "source": "case-run-runner-post-agent-compile-check",
      "command": [
        "bun",
        "hwpod-cli.ts",
        "build",
        "--spec",
        "hwpod-spec.yaml",
        "--reason",
        "case-run d601-f103-v2-arm2d-integration d601-f103-v2-arm2d-integration-20260608071933-a823dba5 compile-only"
      ],
      "exitCode": 0,
      "stdoutJson": {
        "ok": true,
        "action": "hwpod-cli.invoke",
        "status": "completed",
        "results": [
          {
            "opId": "op_01_cmd_run",
            "op": "cmd.run",
            "ok": true,
            "status": "completed",
            "output": {
              "cwd": "F:\\Work\\HWLAB-CASE-F103\\.worktree\\caserun-d601-f103-v2-arm2d-integration-20260608071933-a823dba5",
              "command": [
                "py",
                "-3",
                "C:\\Users\\liang\\.agents\\skills\\keil\\keil-cli.py",
                "build",
                "-p",
                "F:\\Work\\HWLAB-CASE-F103\\.worktree\\caserun-d601-f103-v2-arm2d-integration-20260608071933-a823dba5\\projects\\01_baseline\\Projects\\MDK-ARM\\atk_f103.uvprojx",
                "-t",
                "USART"
              ],
              "exitCode": 0,
              "stdout": "{\r\n  \"accepted\": true,\r\n  \"command\": \"build\",\r\n  \"mode\": \"async\",\r\n  \"job_id\": \"20260608_152837_982edb8f\",\r\n  \"status\": \"queued\",\r\n  \"state_file\": \"C:\\\\Users\\\\liang\\\\.agents\\\\skills\\\\keil\\\\.state\\\\jobs\\\\20260608_152837_982edb8f.json\",\r\n  \"check_command\": \"py -3 keil-cli.py job-status 20260608_152837_982edb8f\",\r\n  \"hex_file_preview\": \"F:\\\\Work\\\\HWLAB-CASE-F103\\\\.worktree\\\\caserun-d601-f103-v2-arm2d-integration-20260608071933-a823dba5\\\\projects\\\\01_baseline\\\\Output\\\\atk_f103.hex\",\r\n  \"axf_file_preview\": \"F:\\\\Work\\\\HWLAB-CASE-F103\\\\.worktree\\\\caserun-d601-f103-v2-arm2d-integration-20260608071933-a823dba5\\\\projects\\\\01_baseline\\\\Output\\\\atk_f103.axf\"\r\n}\r\n",
              "stderr": "",
              "ok": true,
              "commandResolution": {
                "requested": "py",
                "command": "py",
                "resolved": false,
                "source": "process-path",
                "candidates": []
              }
            }
          }
        ]
      }
    },
    "keilJob": {
      "status": "completed",
      "returnCode": 0,
      "success": true,
      "artifacts": [
        "F:\\Work\\HWLAB-CASE-F103\\.worktree\\caserun-d601-f103-v2-arm2d-integration-20260608071933-a823dba5\\projects\\01_baseline\\Output\\atk_f103.hex",
        "F:\\Work\\HWLAB-CASE-F103\\.worktree\\caserun-d601-f103-v2-arm2d-integration-20260608071933-a823dba5\\projects\\01_baseline\\Output\\atk_f103.axf"
      ],
      "raw": {
        "job_id": "20260608_152837_982edb8f",
        "command": "build",
        "status": "completed",
        "created_at": "2026-06-08T15:28:37.553207",
        "started_at": "2026-06-08T15:28:37.760578",
        "finished_at": "2026-06-08T15:28:40.361857",
        "return_code": 0,
        "success": true,
        "params": {
          "project": "F:\\Work\\HWLAB-CASE-F103\\.worktree\\caserun-d601-f103-v2-arm2d-integration-20260608071933-a823dba5\\projects\\01_baseline\\Projects\\MDK-ARM\\atk_f103.uvprojx",
          "programmer": null,
          "probe": null,
          "target": "USART",
          "program_backend": null,
          "erase_mode": null
        },
        "result": {
          "return_code": 0,
          "success": true,
          "message": "Build completed successfully",
          "hex_file": "F:\\Work\\HWLAB-CASE-F103\\.worktree\\caserun-d601-f103-v2-arm2d-integration-20260608071933-a823dba5\\projects\\01_baseline\\Output\\atk_f103.hex",
          "axf_file": "F:\\Work\\HWLAB-CASE-F103\\.worktree\\caserun-d601-f103-v2-arm2d-integration-20260608071933-a823dba5\\projects\\01_baseline\\Output\\atk_f103.axf",
          "warning_count": 0,
          "target": "USART",
          "shared_output_cleanup": {
            "performed": false,
            "patterns": [],
            "removed_count": 0,
            "removed_files": []
          },
          "cleared_build_state_file": null,
          "build_state_file": "F:\\Work\\HWLAB-CASE-F103\\.worktree\\caserun-d601-f103-v2-arm2d-integration-20260608071933-a823dba5\\projects\\01_baseline\\Projects\\MDK-ARM\\output\\.keil_target_build_state.json",
          "_log_file": "C:\\Users\\liang\\.agents\\skills\\keil\\logs\\20260608\\keil_build_20260608_152837.jsonl"
        },
        "log_file": "C:\\Users\\liang\\.agents\\skills\\keil\\logs\\20260608\\keil_build_20260608_152837.jsonl",
        "runner": {
          "argv": [
            "C:\\Users\\liang\\AppData\\Local\\Microsoft\\WindowsApps\\PythonSoftwareFoundation.Python.3.13_qbz5n2kfra8p0\\python.exe",
            "C:\\Users\\liang\\.agents\\skills\\keil\\keil-cli.py",
            "__job-runner",
            "--job-id",
            "20260608_152837_982edb8f",
            "--target-command",
            "build",
            "--project",
            "F:\\Work\\HWLAB-CASE-F103\\.worktree\\caserun-d601-f103-v2-arm2d-integration-20260608071933-a823dba5\\projects\\01_baseline\\Projects\\MDK-ARM\\atk_f103.uvprojx",
            "--target",
            "USART"
          ],
          "cwd": "C:\\Users\\liang\\.agents\\skills\\keil",
          "stdout_file": "C:\\Users\\liang\\.agents\\skills\\keil\\.state\\job-logs\\20260608_152837_982edb8f.stdout.txt",
          "stderr_file": "C:\\Users\\liang\\.agents\\skills\\keil\\.state\\job-logs\\20260608_152837_982edb8f.stderr.txt",
          "launched_at": "2026-06-08T15:28:37.556905",
          "pid": 70756
        },
        "state_file": "C:\\Users\\liang\\.agents\\skills\\keil\\.state\\jobs\\20260608_152837_982edb8f.json",
        "runner_pid": 70756,
        "heartbeat_at": "2026-06-08T15:28:40.361859",
        "phase": "completed"
      },
      "jobId": "20260608_152837_982edb8f",
      "polls": 2,
      "timedOut": false
    },
    "artifacts": [
      "F:\\Work\\HWLAB-CASE-F103\\.worktree\\caserun-d601-f103-v2-arm2d-integration-20260608071933-a823dba5\\projects\\01_baseline\\Output\\atk_f103.hex",
      "F:\\Work\\HWLAB-CASE-F103\\.worktree\\caserun-d601-f103-v2-arm2d-integration-20260608071933-a823dba5\\projects\\01_baseline\\Output\\atk_f103.axf"
    ],
    "decisions": {
      "autoEvaluation": false,
      "runnerPostAgentCompileCheck": "recorded",
      "reason": "flow-only run: CaseRun records agent, diff and compile evidence without auto-grading them"
    }
  }
}
